2026-09-15 00:26:41,467 INFO [werkzeug] [31m[1mWARNING: This is a development server. Do not use it in a production deployment. Use a production WSGI server instead.[0m
 * Running on all addresses (0.0.0.0)
 * Running on http://127.0.0.1:5000
 * Running on http://192.168.0.107:5000
2026-09-15 00:26:41,467 INFO [werkzeug] [33mPress CTRL+C to quit[0m
2026-09-15 00:26:41,468 INFO [werkzeug]  * Restarting with stat
2026-09-15 00:26:44,577 WARNING [werkzeug]  * Debugger is active!
2026-09-15 00:26:44,585 INFO [werkzeug]  * Debugger PIN: 713-858-974
2026-09-15 00:26:47,871 ERROR [routes.auth] Register request failed
Traceback (most recent call last):
  File "C:\Users\odjoy\tripora\backend\venv\Lib\site-packages\sqlalchemy\engine\base.py", line 1969, in _exec_single_context
    self.dialect.do_execute(
    ~~~~~~~~~~~~~~~~~~~~~~~^
        cursor, str_statement, effective_parameters, context
        ^^^^^^^^^^^^^^^^^^^^^^^^^^^^^^^^^^^^^^^^^^^^^^^^^^^^
    )
    ^
  File "C:\Users\odjoy\tripora\backend\venv\Lib\site-packages\sqlalchemy\engine\default.py", line 952, in do_execute
    cursor.execute(statement, parameters)
    ~~~~~~~~~~~~~~^^^^^^^^^^^^^^^^^^^^^^^
  File "C:\Users\odjoy\tripora\backend\venv\Lib\site-packages\psycopg\cursor.py", line 117, in execute
    raise ex.with_traceback(None)
psycopg.errors.UndefinedColumn: column users.reset_code_hash does not exist
LINE 1: ...provider, users.provider_id AS users_provider_id, users.rese...
                                                             ^

The above exception was the direct cause of the following exception:

Traceback (most recent call last):
  File "C:\Users\odjoy\tripora\backend\routes\auth.py", line 256, in register
    ).first()
      ~~~~~^^
  File "C:\Users\odjoy\tripora\backend\venv\Lib\site-packages\sqlalchemy\orm\query.py", line 2766, in first
    return self.limit(1)._iter().first()  # type: ignore
           ~~~~~~~~~~~~~~~~~~~^^
  File "C:\Users\odjoy\tripora\backend\venv\Lib\site-packages\sqlalchemy\orm\query.py", line 2864, in _iter
    result: Union[ScalarResult[_T], Result[_T]] = self.session.execute(
                                                  ~~~~~~~~~~~~~~~~~~~~^
        statement,
        ^^^^^^^^^^
        params,
        ^^^^^^^
        execution_options={"_sa_orm_load_options": self.load_options},
        ^^^^^^^^^^^^^^^^^^^^^^^^^^^^^^^^^^^^^^^^^^^^^^^^^^^^^^^^^^^^^^
    )
    ^
  File "C:\Users\odjoy\tripora\backend\venv\Lib\site-packages\sqlalchemy\orm\session.py", line 2373, in execute
    return self._execute_internal(
           ~~~~~~~~~~~~~~~~~~~~~~^
        statement,
        ^^^^^^^^^^
    ...<4 lines>...
        _add_event=_add_event,
        ^^^^^^^^^^^^^^^^^^^^^^
    )
    ^
  File "C:\Users\odjoy\tripora\backend\venv\Lib\site-packages\sqlalchemy\orm\session.py", line 2271, in _execute_internal
    result: Result[Any] = compile_state_cls.orm_execute_statement(
                          ~~~~~~~~~~~~~~~~~~~~~~~~~~~~~~~~~~~~~~~^
        self,
        ^^^^^
    ...<4 lines>...
        conn,
        ^^^^^
    )
    ^
  File "C:\Users\odjoy\tripora\backend\venv\Lib\site-packages\sqlalchemy\orm\context.py", line 306, in orm_execute_statement
    result = conn.execute(
        statement, params or {}, execution_options=execution_options
    )
  File "C:\Users\odjoy\tripora\backend\venv\Lib\site-packages\sqlalchemy\engine\base.py", line 1421, in execute
    return meth(
        self,
        distilled_parameters,
        execution_options or NO_OPTIONS,
    )
  File "C:\Users\odjoy\tripora\backend\venv\Lib\site-packages\sqlalchemy\sql\elements.py", line 526, in _execute_on_connection
    return connection._execute_clauseelement(
           ~~~~~~~~~~~~~~~~~~~~~~~~~~~~~~~~~^
        self, distilled_params, execution_options
        ^^^^^^^^^^^^^^^^^^^^^^^^^^^^^^^^^^^^^^^^^
    )
    ^
  File "C:\Users\odjoy\tripora\backend\venv\Lib\site-packages\sqlalchemy\engine\base.py", line 1643, in _execute_clauseelement
    ret = self._execute_context(
        dialect,
    ...<8 lines>...
        cache_hit=cache_hit,
    )
  File "C:\Users\odjoy\tripora\backend\venv\Lib\site-packages\sqlalchemy\engine\base.py", line 1848, in _execute_context
    return self._exec_single_context(
           ~~~~~~~~~~~~~~~~~~~~~~~~~^
        dialect, context, statement, parameters
        ^^^^^^^^^^^^^^^^^^^^^^^^^^^^^^^^^^^^^^^
    )
    ^
  File "C:\Users\odjoy\tripora\backend\venv\Lib\site-packages\sqlalchemy\engine\base.py", line 1988, in _exec_single_context
    self._handle_dbapi_exception(
    ~~~~~~~~~~~~~~~~~~~~~~~~~~~~^
        e, str_statement, effective_parameters, cursor, context
        ^^^^^^^^^^^^^^^^^^^^^^^^^^^^^^^^^^^^^^^^^^^^^^^^^^^^^^^
    )
    ^
  File "C:\Users\odjoy\tripora\backend\venv\Lib\site-packages\sqlalchemy\engine\base.py", line 2365, in _handle_dbapi_exception
    raise sqlalchemy_exception.with_traceback(exc_info[2]) from e
  File "C:\Users\odjoy\tripora\backend\venv\Lib\site-packages\sqlalchemy\engine\base.py", line 1969, in _exec_single_context
    self.dialect.do_execute(
    ~~~~~~~~~~~~~~~~~~~~~~~^
        cursor, str_statement, effective_parameters, context
        ^^^^^^^^^^^^^^^^^^^^^^^^^^^^^^^^^^^^^^^^^^^^^^^^^^^^
    )
    ^
  File "C:\Users\odjoy\tripora\backend\venv\Lib\site-packages\sqlalchemy\engine\default.py", line 952, in do_execute
    cursor.execute(statement, parameters)
    ~~~~~~~~~~~~~~^^^^^^^^^^^^^^^^^^^^^^^
  File "C:\Users\odjoy\tripora\backend\venv\Lib\site-packages\psycopg\cursor.py", line 117, in execute
    raise ex.with_traceback(None)
sqlalchemy.exc.ProgrammingError: (psycopg.errors.UndefinedColumn) column users.reset_code_hash does not exist
LINE 1: ...provider, users.provider_id AS users_provider_id, users.rese...
                                                             ^
[SQL: SELECT users.id AS users_id, users.name AS users_name, users.email AS users_email, users.password_hash AS users_password_hash, users.email_verified AS users_email_verified, users.verification_token AS users_verification_token, users.verification_token_expires_at AS users_verification_token_expires_at, users.auth_provider AS users_auth_provider, users.provider_id AS users_provider_id, users.reset_code_hash AS users_reset_code_hash, users.reset_code_expires_at AS users_reset_code_expires_at, users.reset_attempts AS users_reset_attempts, users.reset_token_hash AS users_reset_token_hash, users.reset_token_expires_at AS users_reset_token_expires_at, users.preferred_language AS users_preferred_language, users.preferred_currency AS users_preferred_currency, users.region_country AS users_region_country, users.created_at AS users_created_at 
FROM users 
WHERE users.email = %(email_1)s::VARCHAR 
 LIMIT %(param_1)s::INTEGER]
[parameters: {'email_1': 'local-repro-1789412202-4597300@neon.local', 'param_1': 1}]
(Background on this error at: https://sqlalche.me/e/20/f405)
2026-09-15 00:26:48,228 INFO [werkzeug] 127.0.0.1 - - [15/Sep/2026 00:26:48] "[35m[1mPOST /api/auth/register HTTP/1.1[0m" 500 -
